[Network Config] Initialized in TESTNET mode
[dotenv@17.3.1] injecting env (0) from .env -- tip: ­ƒöÉ prevent building .env in docker: https://dotenvx.com/prebuild

­ƒº¬ STARTING TEST 4: Address Reproducibility

[Security] Encryption key validation: PASSED
[Security] Master seed encrypted value: PRESENT
[Security] Seed decrypted successfully (*** NEVER LOG THE VALUE ***)
--- Testing Chain: ETH ---
Original: Address=0x7268A61000446DCEA88be88c75908fe39f2c51e6, Index=11
Deleted DB record for cmlrq4hx40000arub8ao8ehb3 on ETH
Rederived: Address=0x7268A61000446DCEA88be88c75908fe39f2c51e6, Path=m/44'/60'/0'/0/11
Ô£à PASS: Addresses match!

--- Testing Chain: BSC ---
Original: Address=0x17ef52368d49A1A4a86964944c21B94fB5072eFA, Index=4
Deleted DB record for cmlrq4hx40000arub8ao8ehb3 on BSC
Rederived: Address=0x17ef52368d49A1A4a86964944c21B94fB5072eFA, Path=m/44'/60'/0'/0/4
Ô£à PASS: Addresses match!

--- Testing Chain: SOL ---
Original: Address=2NcrufjBLfpCumDcd3Fw3GyHGf1fgB86Qna2RG6Syqim, Index=6
Deleted DB record for cmlrq4hx40000arub8ao8ehb3 on SOL
Rederived: Address=2NcrufjBLfpCumDcd3Fw3GyHGf1fgB86Qna2RG6Syqim, Path=m/44'/501'/6'/0'
Ô£à PASS: Addresses match!

--- Testing Chain: BTC ---
Original: Address=tb1qcv4fh4fm3yrcn9zsxy6d7p50eg726ye9u7jf90, Index=2
Deleted DB record for cmlrq4hx40000arub8ao8ehb3 on BTC
Rederived: Address=tb1qcv4fh4fm3yrcn9zsxy6d7p50eg726ye9u7jf90, Path=m/84'/1'/0'/0/2
Ô£à PASS: Addresses match!

--- Testing Chain: XRP ---
Original: Address=rLhHG4nVsAch1HtrURyaaAKLczAUgC2s9Y, Index=2
Deleted DB record for cmlrq4hx40000arub8ao8ehb3 on XRP
XRP Shared Wallet: rLhHG4nVsAch1HtrURyaaAKLczAUgC2s9Y, Tag should be 2
Rederived: Address=rLhHG4nVsAch1HtrURyaaAKLczAUgC2s9Y, Path=
Ô£à PASS: Addresses match!


­ƒº¬ STARTING TEST 5: Collision Test (50 parallel calls)

Creating 50 test users...
Triggering 50 parallel allocateDerivationIndex calls for ETH...
node.exe : Test execution 
failed: PrismaClientKnownReq
uestError: Transaction API 
error: Unable to start a 
transaction in the given 
time.
At line:1 char:1
+ & "C:\Program 
Files\nodejs/node.exe" 
"C:\Program 
Files\nodejs/node_mo ...
+ ~~~~~~~~~~~~~~~~~~~~~~~~~~
~~~~~~~~~~~~~~~~~~~~~~~~~~~~
~~~~~~~~~~~~~~~
    + CategoryInfo          
    : NotSpecified: (Test   
  execution ...the given    
 time.:String) [], Remot    
eException
    + FullyQualifiedErrorId 
    : NativeCommandError
 
    at vt.transaction (C:\Us
ers\nnamd\Documents\Arbitrag
e-platform\my-app\prisma\cli
ent\runtime\library.js:112:1
2311)
    at async Proxy._transact
ionWithCallback (C:\Users\nn
amd\Documents\Arbitrage-plat
form\my-app\prisma\client\ru
ntime\library.js:128:9458)
    at async 
allocateDerivationIndex (C:\
Users\nnamd\Documents\Arbitr
age-platform\my-app\lib\wall
et\utils.ts:70:12)
    at async Promise.all 
(index 10)
    at async testCollision (
C:\Users\nnamd\Documents\Arb
itrage-platform\my-app\scrip
ts\test-reproducibility.ts:1
12:21)
    at async runTests (C:\Us
ers\nnamd\Documents\Arbitrag
e-platform\my-app\scripts\te
st-reproducibility.ts:152:9)
 {
  code: 'P2028',
  clientVersion: '5.10.2',
  meta: { error: 'Unable to 
start a transaction in the 
given time.' }
}
